Archive member included to satisfy reference by file (symbol)

F:\FULLSA~1\COMPUT~1\RESOUR~1\RESOUR~1\COASOL~1\ARDUIN~1\Release\libArduinoCore.a(HardwareSerial.o)
                              GeoCache.o (_ZN14HardwareSerial5beginEmh)
F:\FULLSA~1\COMPUT~1\RESOUR~1\RESOUR~1\COASOL~1\ARDUIN~1\Release\libArduinoCore.a(HardwareSerial0.o)
                              GeoCache.o (Serial)
F:\FULLSA~1\COMPUT~1\RESOUR~1\RESOUR~1\COASOL~1\ARDUIN~1\Release\libArduinoCore.a(Print.o)
                              F:\FULLSA~1\COMPUT~1\RESOUR~1\RESOUR~1\COASOL~1\ARDUIN~1\Release\libArduinoCore.a(HardwareSerial.o) (_ZN5Print5writeEPKhj)
F:\FULLSA~1\COMPUT~1\RESOUR~1\RESOUR~1\COASOL~1\ARDUIN~1\Release\libArduinoCore.a(wiring.o)
                              GeoCache.o (init)
F:\FULLSA~1\COMPUT~1\RESOUR~1\RESOUR~1\COASOL~1\ARDUIN~1\Release\libArduinoCore.a(abi.o)
                              F:\FULLSA~1\COMPUT~1\RESOUR~1\RESOUR~1\COASOL~1\ARDUIN~1\Release\libArduinoCore.a(Print.o) (__cxa_pure_virtual)
F:\FULLSA~1\COMPUT~1\RESOUR~1\RESOUR~1\COASOL~1\ARDUIN~1\Release\libArduinoCore.a(hooks.o)
                              F:\FULLSA~1\COMPUT~1\RESOUR~1\RESOUR~1\COASOL~1\ARDUIN~1\Release\libArduinoCore.a(wiring.o) (yield)
F:\FULLSA~1\COMPUT~1\RESOUR~1\RESOUR~1\COASOL~1\ONESHE~1\Release\libOneSheeld.a(OneSheeld.o)
                              GeoCache.o (OneSheeld)
F:\FULLSA~1\COMPUT~1\RESOUR~1\RESOUR~1\COASOL~1\ONESHE~1\Release\libOneSheeld.a(OneSheeldPrintln.o)
                              GeoCache.o (_ZN12PrintlnClass7printlnEPKc)
F:\FULLSA~1\COMPUT~1\RESOUR~1\RESOUR~1\COASOL~1\ONESHE~1\Release\libOneSheeld.a(ShieldParent.o)
                              F:\FULLSA~1\COMPUT~1\RESOUR~1\RESOUR~1\COASOL~1\ONESHE~1\Release\libOneSheeld.a(OneSheeld.o) (_ZN12ShieldParent11getShieldIdEv)
F:\FULLSA~1\COMPUT~1\RESOUR~1\RESOUR~1\COASOL~1\ONESHE~1\Release\libOneSheeld.a(TerminalShield.o)
                              GeoCache.o (_ZN14TerminalShieldC1Ev)
F:\FULLSA~1\COMPUT~1\RESOUR~1\RESOUR~1\COASOL~1\ONESHE~1\Release\libOneSheeld.a(HttpRequest.o)
                              F:\FULLSA~1\COMPUT~1\RESOUR~1\RESOUR~1\COASOL~1\ONESHE~1\Release\libOneSheeld.a(OneSheeld.o) (_ZN11HttpRequest13sendInitFrameEv)
F:\FULLSA~1\COMPUT~1\RESOUR~1\RESOUR~1\COASOL~1\ONESHE~1\Release\libOneSheeld.a(HttpResponse.o)
                              F:\FULLSA~1\COMPUT~1\RESOUR~1\RESOUR~1\COASOL~1\ONESHE~1\Release\libOneSheeld.a(HttpRequest.o) (_ZN12HttpResponseC1Ev)
F:\FULLSA~1\COMPUT~1\RESOUR~1\RESOUR~1\COASOL~1\ONESHE~1\Release\libOneSheeld.a(JsonKeyChain.o)
                              F:\FULLSA~1\COMPUT~1\RESOUR~1\RESOUR~1\COASOL~1\ONESHE~1\Release\libOneSheeld.a(HttpResponse.o) (_ZN12JsonKeyChainC1Ei)
F:\FULLSA~1\COMPUT~1\RESOUR~1\RESOUR~1\COASOL~1\ONESHE~1\Release\libOneSheeld.a(OneSheeldPrint.o)
                              F:\FULLSA~1\COMPUT~1\RESOUR~1\RESOUR~1\COASOL~1\ONESHE~1\Release\libOneSheeld.a(OneSheeldPrintln.o) (_ZN10PrintClassC2Ehhh)
F:\FULLSA~1\COMPUT~1\RESOUR~1\RESOUR~1\COASOL~1\ONESHE~1\Release\libOneSheeld.a(JsonKey.o)
                              F:\FULLSA~1\COMPUT~1\RESOUR~1\RESOUR~1\COASOL~1\ONESHE~1\Release\libOneSheeld.a(JsonKeyChain.o) (_ZN7JsonKeyC1Ei)
F:\FULLSA~1\COMPUT~1\RESOUR~1\RESOUR~1\COASOL~1\SOFTWA~1\Release\libSoftwareSerial.a(SoftwareSerial.o)
                              GeoCache.o (_ZN14SoftwareSerial4readEv)
F:\FULLSA~1\COMPUT~1\RESOUR~1\RESOUR~1\COASOL~1\ARDUIN~1\Release\libArduinoCore.a(new.o)
                              F:\FULLSA~1\COMPUT~1\RESOUR~1\RESOUR~1\COASOL~1\ONESHE~1\Release\libOneSheeld.a(HttpRequest.o) (_Znwj)
F:\FULLSA~1\COMPUT~1\RESOUR~1\RESOUR~1\COASOL~1\ARDUIN~1\Release\libArduinoCore.a(wiring_digital.o)
                              F:\FULLSA~1\COMPUT~1\RESOUR~1\RESOUR~1\COASOL~1\SOFTWA~1\Release\libSoftwareSerial.a(SoftwareSerial.o) (pinMode)
F:\FULLSA~1\COMPUT~1\RESOUR~1\RESOUR~1\COASOL~1\ARDUIN~1\Release\libArduinoCore.a(wiring_pulse.o)
                              F:\FULLSA~1\COMPUT~1\RESOUR~1\RESOUR~1\COASOL~1\ONESHE~1\Release\libOneSheeld.a(OneSheeld.o) (pulseIn)
F:\FULLSA~1\COMPUT~1\RESOUR~1\RESOUR~1\COASOL~1\ARDUIN~1\Release\libArduinoCore.a(WString.o)
                              F:\FULLSA~1\COMPUT~1\RESOUR~1\RESOUR~1\COASOL~1\ONESHE~1\Release\libOneSheeld.a(OneSheeldPrintln.o) (_ZN6StringixEj)
f:/atmel/7.0/toolchain/avr8/avr8-gnu-toolchain/bin/../lib/gcc/avr/4.9.2/avr5\libgcc.a(_udivmodsi4.o)
                              F:\FULLSA~1\COMPUT~1\RESOUR~1\RESOUR~1\COASOL~1\ARDUIN~1\Release\libArduinoCore.a(HardwareSerial.o) (__udivmodsi4)
f:/atmel/7.0/toolchain/avr8/avr8-gnu-toolchain/bin/../lib/gcc/avr/4.9.2/avr5\libgcc.a(_divmodsi4.o)
                              F:\FULLSA~1\COMPUT~1\RESOUR~1\RESOUR~1\COASOL~1\SOFTWA~1\Release\libSoftwareSerial.a(SoftwareSerial.o) (__divmodsi4)
f:/atmel/7.0/toolchain/avr8/avr8-gnu-toolchain/bin/../lib/gcc/avr/4.9.2/avr5\libgcc.a(_negsi2.o)
[...]
Memory Configuration

Name             Origin             Length             Attributes
text             0x00000000         0x00020000         xr
data             0x00800060         0x0000ffa0         rw !x
eeprom           0x00810000         0x00010000         rw !x
fuse             0x00820000         0x00000400         rw !x
lock             0x00830000         0x00000400         rw !x
signature        0x00840000         0x00000400         rw !x
user_signatures  0x00850000         0x00000400         rw !x
*default*        0x00000000         0xffffffff

Linker script and memory map

Address of section .data set to 0x800100
LOAD F:/Atmel/7.0/Packs/atmel/ATmega_DFP/1.0.90/gcc/dev/atmega328p/avr5/crtatmega328p.o
LOAD GeoCache.o
START GROUP
LOAD F:\FULLSA~1\COMPUT~1\RESOUR~1\RESOUR~1\COASOL~1\ARDUIN~1\Release\libArduinoCore.a
LOAD F:\FULLSA~1\COMPUT~1\RESOUR~1\RESOUR~1\COASOL~1\NeoPixel\Release\libNeoPixel.a
LOAD F:\FULLSA~1\COMPUT~1\RESOUR~1\RESOUR~1\COASOL~1\ONESHE~1\Release\libOneSheeld.a
LOAD F:\FULLSA~1\COMPUT~1\RESOUR~1\RESOUR~1\COASOL~1\SOFTWA~1\Release\libSoftwareSerial.a
END GROUP
LOAD f:/atmel/7.0/toolchain/avr8/avr8-gnu-toolchain/bin/../lib/gcc/avr/4.9.2/avr5\libgcc.a
LOAD f:/atmel/7.0/toolchain/avr8/avr8-gnu-toolchain/bin/../lib/gcc/avr/4.9.2/../../../../avr/lib/avr5\libm.a
START GROUP
LOAD f:/atmel/7.0/toolchain/avr8/avr8-gnu-toolchain/bin/../lib/gcc/avr/4.9.2/avr5\libgcc.a
LOAD f:/atmel/7.0/toolchain/avr8/avr8-gnu-toolchain/bin/../lib/gcc/avr/4.9.2/../../../../avr/lib/avr5\libm.a
LOAD f:/atmel/7.0/toolchain/avr8/avr8-gnu-toolchain/bin/../lib/gcc/avr/4.9.2/../../../../avr/lib/avr5\libc.a
LOAD F:/Atmel/7.0/Packs/atmel/ATmega_DFP/1.0.90/gcc/dev/atmega328p/avr5\libatmega328p.a
END GROUP

.hash
 *(.hash)

.dynsym
 *(.dynsym)

.dynstr
 *(.dynstr)

.gnu.version
 *(.gnu.version)

.gnu.version_d
 *(.gnu.version_d)

.gnu.version_r
 *(.gnu.version_r)

.rel.init
 *(.rel.init)

.rela.init
 *(.rela.init)

.rel.text
 *(.rel.text)
 *(.rel.text.*)
 *(.rel.gnu.linkonce.t*)

.rela.text
 *(.rela.text)
 *(.rela.text.*)
 *(.rela.gnu.linkonce.t*)

.rel.fini
 *(.rel.fini)

.rela.fini
 *(.rela.fini)

.rel.rodata
 *(.rel.rodata)
 *(.rel.rodata.*)
 *(.rel.gnu.linkonce.r*)

.rela.rodata
 *(.rela.rodata)
 *(.rela.rodata.*)
 *(.rela.gnu.linkonce.r*)

.rel.data
 *(.rel.data)
 *(.rel.data.*)
 *(.rel.gnu.linkonce.d*)

.rela.data
 *(.rela.data)
 *(.rela.data.*)
 *(.rela.gnu.linkonce.d*)

.rel.ctors
 *(.rel.ctors)

.rela.ctors
 *(.rela.ctors)

.rel.dtors
 *(.rel.dtors)

.rela.dtors
 *(.rela.dtors)

.rel.got
 *(.rel.got)

.rela.got
 *(.rela.got)

.rel.bss
 *(.rel.bss)

.rela.bss
 *(.rela.bss)

.rel.plt
 *(.rel.plt)

.rela.plt
 *(.rela.plt)

.text           0x00000000     0x3b88
 *(.vectors)
 .vectors       0x00000000       0x68 F:/Atmel/7.0/Packs/atmel/ATmega_DFP/1.0.90/gcc/dev/atmega328p/avr5/crtatmega328p.o
                0x00000000                __vector_default
                0x00000000                __vectors
 *(.vectors)
 *(.progmem.gcc*)
                0x00000068                . = ALIGN (0x2)
                0x00000068                __trampolines_start = .
 *(.trampolines)
 .trampolines   0x00000068        0x0 linker stubs
 *(.trampolines*)
                0x00000068                __trampolines_end = .
 *(.progmem*)
 .progmem.data.digital_pin_to_timer_PGM
                0x00000068       0x14 F:\FULLSA~1\COMPUT~1\RESOUR~1\RESOUR~1\COASOL~1\ARDUIN~1\Release\libArduinoCore.a(wiring_digital.o)
                0x00000068                digital_pin_to_timer_PGM
 .progmem.data.digital_pin_to_bit_mask_PGM
                0x0000007c       0x14 F:\FULLSA~1\COMPUT~1\RESOUR~1\RESOUR~1\COASOL~1\ARDUIN~1\Release\libArduinoCore.a(wiring_digital.o)
                0x0000007c                digital_pin_to_bit_mask_PGM
 .progmem.data.digital_pin_to_port_PGM
                0x00000090       0x14 F:\FULLSA~1\COMPUT~1\RESOUR~1\RESOUR~1\COASOL~1\ARDUIN~1\Release\libArduinoCore.a(wiring_digital.o)
                0x00000090                digital_pin_to_port_PGM
 .progmem.data.port_to_input_PGM
                0x000000a4        0xa F:\FULLSA~1\COMPUT~1\RESOUR~1\RESOUR~1\COASOL~1\ARDUIN~1\Release\libArduinoCore.a(wiring_digital.o)
                0x000000a4                port_to_input_PGM
 .progmem.data.port_to_output_PGM
                0x000000ae        0xa F:\FULLSA~1\COMPUT~1\RESOUR~1\RESOUR~1\COASOL~1\ARDUIN~1\Release\libArduinoCore.a(wiring_digital.o)
                0x000000ae                port_to_output_PGM
 .progmem.data.port_to_mode_PGM
                0x000000b8        0xa F:\FULLSA~1\COMPUT~1\RESOUR~1\RESOUR~1\COASOL~1\ARDUIN~1\Release\libArduinoCore.a(wiring_digital.o)
                0x000000b8                port_to_mode_PGM
 .progmem.data  0x000000c2       0xfa f:/atmel/7.0/toolchain/avr8/avr8-gnu-toolchain/bin/../lib/gcc/avr/4.9.2/../../../../avr/lib/avr5\libc.a(ftoa_engine.o)
                0x000001bc                . = ALIGN (0x2)
 *(.jumptables)
 *(.jumptables*)
 *(.lowtext)
 *(.lowtext*)
                0x000001bc                __ctors_start = .
 *(.ctors)
 .ctors         0x000001bc        0x2 GeoCache.o
 .ctors         0x000001be        0x2 F:\FULLSA~1\COMPUT~1\RESOUR~1\RESOUR~1\COASOL~1\ARDUIN~1\Release\libArduinoCore.a(HardwareSerial0.o)
 .ctors         0x000001c0        0x2 F:\FULLSA~1\COMPUT~1\RESOUR~1\RESOUR~1\COASOL~1\ONESHE~1\Release\libOneSheeld.a(OneSheeld.o)
                0x000001c2                __ctors_end = .
                0x000001c2                __dtors_start = .
 *(.dtors)
 .dtors         0x000001c2        0x2 GeoCache.o
                0x000001c4                __dtors_end = .
 SORT(*)(.ctors)
 SORT(*)(.dtors)
 *(.init0)
 .init0         0x000001c4        0x0 F:/Atmel/7.0/Packs/atmel/ATmega_DFP/1.0.90/gcc/dev/atmega328p/avr5/crtatmega328p.o
                0x000001c4                __init
 *(.init0)
 *(.init1)
 *(.init1)
 *(.init2)
 .init2         0x000001c4        0xc F:/Atmel/7.0/Packs/atmel/ATmega_DFP/1.0.90/gcc/dev/atmega328p/avr5/crtatmega328p.o
 *(.init2)
 *(.init3)
 *(.init3)
 *(.init4)
 .init4         0x000001d0       0x16 f:/atmel/7.0/toolchain/avr8/avr8-gnu-toolchain/bin/../lib/gcc/avr/4.9.2/avr5\libgcc.a(_copy_data.o)
                0x000001d0                __do_copy_data
 .init4         0x000001e6       0x10 f:/atmel/7.0/toolchain/avr8/avr8-gnu-toolchain/bin/../lib/gcc/avr/4.9.2/avr5\libgcc.a(_clear_bss.o)
                0x000001e6                __do_clear_bss
 *(.init4)
 *(.init5)
 *(.init5)
 *(.init6)
 .init6         0x000001f6       0x16 f:/atmel/7.0/toolchain/avr8/avr8-gnu-toolchain/bin/../lib/gcc/avr/4.9.2/avr5\libgcc.a(_ctors.o)
                0x000001f6                __do_global_ctors
 *(.init6)
 *(.init7)
 *(.init7)
 *(.init8)
 *(.init8)
 *(.init9)
 .init9         0x0000020c        0x8 F:/Atmel/7.0/Packs/atmel/ATmega_DFP/1.0.90/gcc/dev/atmega328p/avr5/crtatmega328p.o
 *(.init9)
 *(.text)
 .text          0x00000214        0x4 F:/Atmel/7.0/Packs/atmel/ATmega_DFP/1.0.90/gcc/dev/atmega328p/avr5/crtatmega328p.o
                0x00000214                __vector_22
                0x00000214                __vector_1
                0x00000214                __vector_24
                0x00000214                __vector_12
                0x00000214                __bad_interrupt
                0x00000214                __vector_6
                0x00000214                __vector_23
                0x00000214                __vector_25
                0x00000214                __vector_11
                0x00000214                __vector_13
                0x00000214                __vector_17
                0x00000214                __vector_7
                0x00000214                __vector_9
                0x00000214                __vector_2
                0x00000214                __vector_21
                0x00000214                __vector_15
                0x00000214                __vector_8
                0x00000214                __vector_14
                0x00000214                __vector_10
                0x00000214                __vector_20
                0x00000218                . = ALIGN (0x2)
 *(.text.*)
 .text._Z17CalculateDistanceffff
                0x00000218       0xc2 GeoCache.o
                0x00000218                _Z17CalculateDistanceffff
 .text._Z9ParseDataPc
                0x000002da      0x6e8 GeoCache.o
                0x000002da                _Z9ParseDataPc
 .text.startup._GLOBAL__sub_I_DegLat
                0x000009c2       0x16 GeoCache.o
 .text.exit._GLOBAL__sub_D_DegLat
                0x000009d8        0x8 GeoCache.o
 .text._Z13getGPSMessagev
                0x000009e0       0xac GeoCache.o
                0x000009e0                _Z13getGPSMessagev
 .text.startup.main
                0x00000a8c      0x1b2 GeoCache.o
                0x00000a8c                main
 .text._ZN14HardwareSerial9availableEv
                0x00000c3e       0x18 F:\FULLSA~1\COMPUT~1\RESOUR~1\RESOUR~1\COASOL~1\ARDUIN~1\Release\libArduinoCore.a(HardwareSerial.o)
                0x00000c3e                _ZN14HardwareSerial9availableEv
 .text._ZN14HardwareSerial4peekEv
                0x00000c56       0x1c F:\FULLSA~1\COMPUT~1\RESOUR~1\RESOUR~1\COASOL~1\ARDUIN~1\Release\libArduinoCore.a(HardwareSerial.o)
                0x00000c56                _ZN14HardwareSerial4peekEv
 .text._ZN14HardwareSerial4readEv
                0x00000c72       0x28 F:\FULLSA~1\COMPUT~1\RESOUR~1\RESOUR~1\COASOL~1\ARDUIN~1\Release\libArduinoCore.a(HardwareSerial.o)
                0x00000c72                _ZN14HardwareSerial4readEv
 .text._Z14serialEventRunv
                0x00000c9a       0x1c F:\FULLSA~1\COMPUT~1\RESOUR~1\RESOUR~1\COASOL~1\ARDUIN~1\Release\libArduinoCore.a(HardwareSerial.o)
                0x00000c9a                _Z14serialEventRunv
 .text._ZN14HardwareSerial17_tx_udr_empty_irqEv
                0x00000cb6       0x54 F:\FULLSA~1\COMPUT~1\RESOUR~1\RESOUR~1\COASOL~1\ARDUIN~1\Release\libArduinoCore.a(HardwareSerial.o)
                0x00000cb6                _ZN14HardwareSerial17_tx_udr_empty_irqEv
 .text._ZN14HardwareSerial5flushEv
                0x00000d0a       0x44 F:\FULLSA~1\COMPUT~1\RESOUR~1\RESOUR~1\COASOL~1\ARDUIN~1\Release\libArduinoCore.a(HardwareSerial.o)
                0x00000d0a                _ZN14HardwareSerial5flushEv
 .text._ZN14HardwareSerial5writeEh
                0x00000d4e       0x9e F:\FULLSA~1\COMPUT~1\RESOUR~1\RESOUR~1\COASOL~1\ARDUIN~1\Release\libArduinoCore.a(HardwareSerial.o)
                0x00000d4e                _ZN14HardwareSerial5writeEh
 .text._ZN14HardwareSerial5beginEmh
                0x00000dec       0xd2 F:\FULLSA~1\COMPUT~1\RESOUR~1\RESOUR~1\COASOL~1\ARDUIN~1\Release\libArduinoCore.a(HardwareSerial.o)
                0x00000dec                _ZN14HardwareSerial5beginEmh
 .text.__vector_18
                0x00000ebe       0x70 F:\FULLSA~1\COMPUT~1\RESOUR~1\RESOUR~1\COASOL~1\ARDUIN~1\Release\libArduinoCore.a(HardwareSerial0.o)
                0x00000ebe                __vector_18
 .text.__vector_19
                0x00000f2e       0x4c F:\FULLSA~1\COMPUT~1\RESOUR~1\RESOUR~1\COASOL~1\ARDUIN~1\Release\libArduinoCore.a(HardwareSerial0.o)
                0x00000f2e                __vector_19
 .text._Z17Serial0_availablev
                0x00000f7a       0x14 F:\FULLSA~1\COMPUT~1\RESOUR~1\RESOUR~1\COASOL~1\ARDUIN~1\Release\libArduinoCore.a(HardwareSerial0.o)
                0x00000f7a                _Z17Serial0_availablev
 .text._GLOBAL__sub_I___vector_18
                0x00000f8e       0x5a F:\FULLSA~1\COMPUT~1\RESOUR~1\RESOUR~1\COASOL~1\ARDUIN~1\Release\libArduinoCore.a(HardwareSerial0.o)
 .text._ZN5Print5writeEPKhj
                0x00000fe8       0x5a F:\FULLSA~1\COMPUT~1\RESOUR~1\RESOUR~1\COASOL~1\ARDUIN~1\Release\libArduinoCore.a(Print.o)
                0x00000fe8                _ZN5Print5writeEPKhj
 .text._ZN5Print5printEPKc
                0x00001042       0x2c F:\FULLSA~1\COMPUT~1\RESOUR~1\RESOUR~1\COASOL~1\ARDUIN~1\Release\libArduinoCore.a(Print.o)
                0x00001042                _ZN5Print5printEPKc
 .text._ZN5Print7printlnEv
                0x0000106e       0x18 F:\FULLSA~1\COMPUT~1\RESOUR~1\RESOUR~1\COASOL~1\ARDUIN~1\Release\libArduinoCore.a(Print.o)
                0x0000106e                _ZN5Print7printlnEv
 .text._ZN5Print7printlnEPKc
                0x00001086       0x24 F:\FULLSA~1\COMPUT~1\RESOUR~1\RESOUR~1\COASOL~1\ARDUIN~1\Release\libArduinoCore.a(Print.o)
                0x00001086                _ZN5Print7printlnEPKc
 .text.__vector_16
                0x000010aa       0x94 F:\FULLSA~1\COMPUT~1\RESOUR~1\RESOUR~1\COASOL~1\ARDUIN~1\Release\libArduinoCore.a(wiring.o)
                0x000010aa                __vector_16
 .text.millis   0x0000113e       0x18 F:\FULLSA~1\COMPUT~1\RESOUR~1\RESOUR~1\COASOL~1\ARDUIN~1\Release\libArduinoCore.a(wiring.o)
                0x0000113e                millis
 .text.init     0x00001156       0x76 F:\FULLSA~1\COMPUT~1\RESOUR~1\RESOUR~1\COASOL~1\ARDUIN~1\Release\libArduinoCore.a(wiring.o)
                0x00001156                init
 .text._ZN14OneSheeldClassC2ER6Stream
                0x000011cc       0x2c F:\FULLSA~1\COMPUT~1\RESOUR~1\RESOUR~1\COASOL~1\ONESHE~1\Release\libOneSheeld.a(OneSheeld.o)
                0x000011cc                _ZN14OneSheeldClassC2ER6Stream
                0x000011cc                _ZN14OneSheeldClassC1ER6Stream
 .text._ZN14OneSheeldClass5beginEl
                0x000011f8        0xc F:\FULLSA~1\COMPUT~1\RESOUR~1\RESOUR~1\COASOL~1\ONESHE~1\Release\libOneSheeld.a(OneSheeld.o)
                0x000011f8                _ZN14OneSheeldClass5beginEl
 .text._ZN14OneSheeldClass17addToShieldsArrayEP12ShieldParent
                0x00001204       0x20 F:\FULLSA~1\COMPUT~1\RESOUR~1\RESOUR~1\COASOL~1\ONESHE~1\Release\libOneSheeld.a(OneSheeld.o)
                0x00001204                _ZN14OneSheeldClass17addToShieldsArrayEP12ShieldParent
 .text._ZN14OneSheeldClass11getShieldIdEv
                0x00001224        0x6 F:\FULLSA~1\COMPUT~1\RESOUR~1\RESOUR~1\COASOL~1\ONESHE~1\Release\libOneSheeld.a(OneSheeld.o)
                0x00001224                _ZN14OneSheeldClass11getShieldIdEv
 .text._ZN14OneSheeldClass13getFunctionIdEv
                0x0000122a        0x6 F:\FULLSA~1\COMPUT~1\RESOUR~1\RESOUR~1\COASOL~1\ONESHE~1\Release\libOneSheeld.a(OneSheeld.o)
                0x0000122a                _ZN14OneSheeldClass13getFunctionIdEv
 .text._ZN14OneSheeldClass17getArgumentLengthEh
                0x00001230       0x12 F:\FULLSA~1\COMPUT~1\RESOUR~1\RESOUR~1\COASOL~1\ONESHE~1\Release\libOneSheeld.a(OneSheeld.o)
                0x00001230                _ZN14OneSheeldClass17getArgumentLengthEh
 .text._ZN14OneSheeldClass15getArgumentDataEh
                0x00001242       0x32 F:\FULLSA~1\COMPUT~1\RESOUR~1\RESOUR~1\COASOL~1\ONESHE~1\Release\libOneSheeld.a(OneSheeld.o)
                0x00001242                _ZN14OneSheeldClass15getArgumentDataEh
 .text._ZN14OneSheeldClass19freeMemoryAllocatedEv
                0x00001274       0xb8 F:\FULLSA~1\COMPUT~1\RESOUR~1\RESOUR~1\COASOL~1\ONESHE~1\Release\libOneSheeld.a(OneSheeld.o)
                0x00001274                _ZN14OneSheeldClass19freeMemoryAllocatedEv
 .text._ZN14OneSheeldClass12processFrameEv
                0x0000132c       0x58 F:\FULLSA~1\COMPUT~1\RESOUR~1\RESOUR~1\COASOL~1\ONESHE~1\Release\libOneSheeld.a(OneSheeld.o)
                0x0000132c                _ZN14OneSheeldClass12processFrameEv
 .text._ZN14OneSheeldClass13sendToShieldsEv
                0x00001384       0x56 F:\FULLSA~1\COMPUT~1\RESOUR~1\RESOUR~1\COASOL~1\ONESHE~1\Release\libOneSheeld.a(OneSheeld.o)
                0x00001384                _ZN14OneSheeldClass13sendToShieldsEv
 .text._ZN14OneSheeldClass12processInputEi
                0x000013da      0x324 F:\FULLSA~1\COMPUT~1\RESOUR~1\RESOUR~1\COASOL~1\ONESHE~1\Release\libOneSheeld.a(OneSheeld.o)
                0x000013da                _ZN14OneSheeldClass12processInputEi
 .text._ZN14OneSheeldClass15sendShieldFrameEhhhhz
                0x000016fe      0x322 F:\FULLSA~1\COMPUT~1\RESOUR~1\RESOUR~1\COASOL~1\ONESHE~1\Release\libOneSheeld.a(OneSheeld.o)
                0x000016fe                _ZN14OneSheeldClass15sendShieldFrameEhhhhz
 .text._ZN14OneSheeldClass5beginEv
                0x00001a20       0x7e F:\FULLSA~1\COMPUT~1\RESOUR~1\RESOUR~1\COASOL~1\ONESHE~1\Release\libOneSheeld.a(OneSheeld.o)
                0x00001a20                _ZN14OneSheeldClass5beginEv
 .text._ZN14OneSheeldClass12processInputEv
                0x00001a9e       0x58 F:\FULLSA~1\COMPUT~1\RESOUR~1\RESOUR~1\COASOL~1\ONESHE~1\Release\libOneSheeld.a(OneSheeld.o)
                0x00001a9e                _ZN14OneSheeldClass12processInputEv
 .text._ZN14OneSheeldClass13isInACallbackEv
                0x00001af6       0x12 F:\FULLSA~1\COMPUT~1\RESOUR~1\RESOUR~1\COASOL~1\ONESHE~1\Release\libOneSheeld.a(OneSheeld.o)
                0x00001af6                _ZN14OneSheeldClass13isInACallbackEv
 .text._ZN14OneSheeldClass17enteringACallbackEv
                0x00001b08       0x3a F:\FULLSA~1\COMPUT~1\RESOUR~1\RESOUR~1\COASOL~1\ONESHE~1\Release\libOneSheeld.a(OneSheeld.o)
                0x00001b08                _ZN14OneSheeldClass17enteringACallbackEv
 .text._ZN14OneSheeldClass16exitingACallbackEv
                0x00001b42       0x38 F:\FULLSA~1\COMPUT~1\RESOUR~1\RESOUR~1\COASOL~1\ONESHE~1\Release\libOneSheeld.a(OneSheeld.o)
                0x00001b42                _ZN14OneSheeldClass16exitingACallbackEv
 .text._Z11serialEventv
                0x00001b7a        0xa F:\FULLSA~1\COMPUT~1\RESOUR~1\RESOUR~1\COASOL~1\ONESHE~1\Release\libOneSheeld.a(OneSheeld.o)
                0x00001b7a                _Z11serialEventv
 .text._GLOBAL__sub_I__ZN14OneSheeldClass6isInitE
                0x00001b84       0x1e F:\FULLSA~1\COMPUT~1\RESOUR~1\RESOUR~1\COASOL~1\ONESHE~1\Release\libOneSheeld.a(OneSheeld.o)
 .text._ZN12PrintlnClassC2Ehhh
                0x00001ba2        0x6 F:\FULLSA~1\COMPUT~1\RESOUR~1\RESOUR~1\COASOL~1\ONESHE~1\Release\libOneSheeld.a(OneSheeldPrintln.o)
                0x00001ba2                _ZN12PrintlnClassC1Ehhh
                0x00001ba2                _ZN12PrintlnClassC2Ehhh
 .text._ZN12PrintlnClass7printlnEPKc
                0x00001ba8       0x8c F:\FULLSA~1\COMPUT~1\RESOUR~1\RESOUR~1\COASOL~1\ONESHE~1\Release\libOneSheeld.a(OneSheeldPrintln.o)
                0x00001ba8                _ZN12PrintlnClass7printlnEPKc
 .text._ZN12ShieldParent11processDataEv
                0x00001c34        0x2 F:\FULLSA~1\COMPUT~1\RESOUR~1\RESOUR~1\COASOL~1\ONESHE~1\Release\libOneSheeld.a(ShieldParent.o)
                0x00001c34                _ZN12ShieldParent11processDataEv
 .text._ZN12ShieldParentC2Eh
                0x00001c36       0x14 F:\FULLSA~1\COMPUT~1\RESOUR~1\RESOUR~1\COASOL~1\ONESHE~1\Release\libOneSheeld.a(ShieldParent.o)
                0x00001c36                _ZN12ShieldParentC1Eh
                0x00001c36                _ZN12ShieldParentC2Eh
 .text._ZN12ShieldParent11getShieldIdEv
                0x00001c4a        0x6 F:\FULLSA~1\COMPUT~1\RESOUR~1\RESOUR~1\COASOL~1\ONESHE~1\Release\libOneSheeld.a(ShieldParent.o)
                0x00001c4a                _ZN12ShieldParent11getShieldIdEv
 .text._ZN12ShieldParent20setOneSheeldInstanceER14OneSheeldClass
                0x00001c50       0x10 F:\FULLSA~1\COMPUT~1\RESOUR~1\RESOUR~1\COASOL~1\ONESHE~1\Release\libOneSheeld.a(ShieldParent.o)
                0x00001c50                _ZN12ShieldParent20setOneSheeldInstanceER14OneSheeldClass
 .text._ZN12ShieldParent22unSetOneSheeldInstanceEv
                0x00001c60        0xe F:\FULLSA~1\COMPUT~1\RESOUR~1\RESOUR~1\COASOL~1\ONESHE~1\Release\libOneSheeld.a(ShieldParent.o)
                0x00001c60                _ZN12ShieldParent22unSetOneSheeldInstanceEv
 .text._ZN12ShieldParent20getOneSheeldInstanceEv
                0x00001c6e       0x18 F:\FULLSA~1\COMPUT~1\RESOUR~1\RESOUR~1\COASOL~1\ONESHE~1\Release\libOneSheeld.a(ShieldParent.o)
                0x00001c6e                _ZN12ShieldParent20getOneSheeldInstanceEv
 .text._ZN12ShieldParent12processFrameEv
                0x00001c86       0x64 F:\FULLSA~1\COMPUT~1\RESOUR~1\RESOUR~1\COASOL~1\ONESHE~1\Release\libOneSheeld.a(ShieldParent.o)
                0x00001c86                _ZN12ShieldParent12processFrameEv
 .text._ZN14TerminalShield11processDataEv
                0x00001cea       0xe8 F:\FULLSA~1\COMPUT~1\RESOUR~1\RESOUR~1\COASOL~1\ONESHE~1\Release\libOneSheeld.a(TerminalShield.o)
                0x00001cea                _ZN14TerminalShield11processDataEv
 .text._ZN14TerminalShieldC2Ev
                0x00001dd2       0x50 F:\FULLSA~1\COMPUT~1\RESOUR~1\RESOUR~1\COASOL~1\ONESHE~1\Release\libOneSheeld.a(TerminalShield.o)
                0x00001dd2                _ZN14TerminalShieldC2Ev
                0x00001dd2                _ZN14TerminalShieldC1Ev
 .text._ZN11HttpRequest13sendInitFrameEPKc
                0x00001e22       0xb0 F:\FULLSA~1\COMPUT~1\RESOUR~1\RESOUR~1\COASOL~1\ONESHE~1\Release\libOneSheeld.a(HttpRequest.o)
                0x00001e22                _ZN11HttpRequest13sendInitFrameEPKc
 .text._ZN11HttpRequest13sendInitFrameEv
                0x00001ed2       0x24 F:\FULLSA~1\COMPUT~1\RESOUR~1\RESOUR~1\COASOL~1\ONESHE~1\Release\libOneSheeld.a(HttpRequest.o)
                0x00001ed2                _ZN11HttpRequest13sendInitFrameEv
 .text._ZN10PrintClassC2Ehhh
                0x00001ef6        0xa F:\FULLSA~1\COMPUT~1\RESOUR~1\RESOUR~1\COASOL~1\ONESHE~1\Release\libOneSheeld.a(OneSheeldPrint.o)
                0x00001ef6                _ZN10PrintClassC2Ehhh
                0x00001ef6                _ZN10PrintClassC1Ehhh
 .text._ZN10PrintClass5printEPKc
                0x00001f00       0x88 F:\FULLSA~1\COMPUT~1\RESOUR~1\RESOUR~1\COASOL~1\ONESHE~1\Release\libOneSheeld.a(OneSheeldPrint.o)
                0x00001f00                _ZN10PrintClass5printEPKc
 .text._ZN14SoftwareSerial4readEv
                0x00001f88       0x58 F:\FULLSA~1\COMPUT~1\RESOUR~1\RESOUR~1\COASOL~1\SOFTWA~1\Release\libSoftwareSerial.a(SoftwareSerial.o)
                0x00001f88                _ZN14SoftwareSerial4readEv
 .text._ZN14SoftwareSerial9availableEv
                0x00001fe0       0x40 F:\FULLSA~1\COMPUT~1\RESOUR~1\RESOUR~1\COASOL~1\SOFTWA~1\Release\libSoftwareSerial.a(SoftwareSerial.o)
                0x00001fe0                _ZN14SoftwareSerial9availableEv
 .text._ZN14SoftwareSerial5writeEh
                0x00002020       0x98 F:\FULLSA~1\COMPUT~1\RESOUR~1\RESOUR~1\COASOL~1\SOFTWA~1\Release\libSoftwareSerial.a(SoftwareSerial.o)
                0x00002020                _ZN14SoftwareSerial5writeEh
 .text._ZN14SoftwareSerial5flushEv
                0x000020b8       0x1e F:\FULLSA~1\COMPUT~1\RESOUR~1\RESOUR~1\COASOL~1\SOFTWA~1\Release\libSoftwareSerial.a(SoftwareSerial.o)
                0x000020b8                _ZN14SoftwareSerial5flushEv
 .text._ZN14SoftwareSerial4peekEv
                0x000020d6       0x36 F:\FULLSA~1\COMPUT~1\RESOUR~1\RESOUR~1\COASOL~1\SOFTWA~1\Release\libSoftwareSerial.a(SoftwareSerial.o)
                0x000020d6                _ZN14SoftwareSerial4peekEv
 .text._ZN14SoftwareSerial13stopListeningEv
                0x0000210c       0x2c F:\FULLSA~1\COMPUT~1\RESOUR~1\RESOUR~1\COASOL~1\SOFTWA~1\Release\libSoftwareSerial.a(SoftwareSerial.o)
                0x0000210c                _ZN14SoftwareSerial13stopListeningEv
 .text._ZN14SoftwareSerial6listenEv
                0x00002138       0x56 F:\FULLSA~1\COMPUT~1\RESOUR~1\RESOUR~1\COASOL~1\SOFTWA~1\Release\libSoftwareSerial.a(SoftwareSerial.o)
                0x00002138                _ZN14SoftwareSerial6listenEv
 .text.__vector_3
                0x0000218e      0x15c F:\FULLSA~1\COMPUT~1\RESOUR~1\RESOUR~1\COASOL~1\SOFTWA~1\Release\libSoftwareSerial.a(SoftwareSerial.o)
                0x0000218e                __vector_5
                0x0000218e                __vector_4
                0x0000218e                __vector_3
 .text._ZN14SoftwareSerialD2Ev
                0x000022ea       0x10 F:\FULLSA~1\COMPUT~1\RESOUR~1\RESOUR~1\COASOL~1\SOFTWA~1\Release\libSoftwareSerial.a(SoftwareSerial.o)
                0x000022ea                _ZN14SoftwareSerialD1Ev
                0x000022ea                _ZN14SoftwareSerialD2Ev
 .text._ZN14SoftwareSerial5setTXEh
                0x000022fa       0x52 F:\FULLSA~1\COMPUT~1\RESOUR~1\RESOUR~1\COASOL~1\SOFTWA~1\Release\libSoftwareSerial.a(SoftwareSerial.o)
                0x000022fa                _ZN14SoftwareSerial5setTXEh
 .text._ZN14SoftwareSerial5setRXEh
                0x0000234c       0x52 F:\FULLSA~1\COMPUT~1\RESOUR~1\RESOUR~1\COASOL~1\SOFTWA~1\Release\libSoftwareSerial.a(SoftwareSerial.o)
                0x0000234c                _ZN14SoftwareSerial5setRXEh
 .text._ZN14SoftwareSerialC2Ehhb
                0x0000239e       0x58 F:\FULLSA~1\COMPUT~1\RESOUR~1\RESOUR~1\COASOL~1\SOFTWA~1\Release\libSoftwareSerial.a(SoftwareSerial.o)
                0x0000239e                _ZN14SoftwareSerialC1Ehhb
                0x0000239e                _ZN14SoftwareSerialC2Ehhb
 .text._ZN14SoftwareSerial5beginEl
                0x000023f6      0x124 F:\FULLSA~1\COMPUT~1\RESOUR~1\RESOUR~1\COASOL~1\SOFTWA~1\Release\libSoftwareSerial.a(SoftwareSerial.o)
                0x000023f6                _ZN14SoftwareSerial5beginEl
 .text._Znwj    0x0000251a        0x6 F:\FULLSA~1\COMPUT~1\RESOUR~1\RESOUR~1\COASOL~1\ARDUIN~1\Release\libArduinoCore.a(new.o)
                0x0000251a                _Znwj
 .text._ZdlPv   0x00002520        0x6 F:\FULLSA~1\COMPUT~1\RESOUR~1\RESOUR~1\COASOL~1\ARDUIN~1\Release\libArduinoCore.a(new.o)
                0x00002520                _ZdlPv
 .text.turnOffPWM
                0x00002526       0x5e F:\FULLSA~1\COMPUT~1\RESOUR~1\RESOUR~1\COASOL~1\ARDUIN~1\Release\libArduinoCore.a(wiring_digital.o)
 .text.pinMode  0x00002584       0x7e F:\FULLSA~1\COMPUT~1\RESOUR~1\RESOUR~1\COASOL~1\ARDUIN~1\Release\libArduinoCore.a(wiring_digital.o)
                0x00002584                pinMode
 .text.digitalWrite
                0x00002602       0x62 F:\FULLSA~1\COMPUT~1\RESOUR~1\RESOUR~1\COASOL~1\ARDUIN~1\Release\libArduinoCore.a(wiring_digital.o)
                0x00002602                digitalWrite
 .text.libgcc.div
                0x00002664       0x44 f:/atmel/7.0/toolchain/avr8/avr8-gnu-toolchain/bin/../lib/gcc/avr/4.9.2/avr5\libgcc.a(_udivmodsi4.o)
                0x00002664                __udivmodsi4
 .text.libgcc.div
                0x000026a8       0x2e f:/atmel/7.0/toolchain/avr8/avr8-gnu-toolchain/bin/../lib/gcc/avr/4.9.2/avr5\libgcc.a(_divmodsi4.o)
                0x000026a8                __divmodsi4
 .text.libgcc.div
                0x000026d6       0x10 f:/atmel/7.0/toolchain/avr8/avr8-gnu-toolchain/bin/../lib/gcc/avr/4.9.2/avr5\libgcc.a(_negsi2.o)
                0x000026d6                __negsi2
 .text.libgcc   0x000026e6        0xc f:/atmel/7.0/toolchain/avr8/avr8-gnu-toolchain/bin/../lib/gcc/avr/4.9.2/avr5\libgcc.a(_tablejump2.o)
                0x000026e6                __tablejump2__
 .text.avr-libc.fplib
                0x000026f2        0xe f:/atmel/7.0/toolchain/avr8/avr8-gnu-toolchain/bin/../lib/gcc/avr/4.9.2/../../../../avr/lib/avr5\libm.a(addsf3.o)
                0x000026f2                __subsf3
                0x000026f4                __addsf3
 .text.avr-libc.fplib
                0x00002700       0xcc f:/atmel/7.0/toolchain/avr8/avr8-gnu-toolchain/bin/../lib/gcc/avr/4.9.2/../../../../avr/lib/avr5\libm.a(addsf3x.o)
                0x00002722                __addsf3x
 .text.avr-libc.fplib
                0x000027cc        0x8 f:/atmel/7.0/toolchain/avr8/avr8-gnu-toolchain/bin/../lib/gcc/avr/4.9.2/../../../../avr/lib/avr5\libm.a(divsf3.o)
                0x000027cc                __divsf3
 .text.avr-libc.fplib
                0x000027d4       0xdc f:/atmel/7.0/toolchain/avr8/avr8-gnu-toolchain/bin/../lib/gcc/avr/4.9.2/../../../../avr/lib/avr5\libm.a(divsf3x.o)
                0x000027f4                __divsf3x
                0x000027fa                __divsf3_pse
 .text.avr-libc.fplib
                0x000028b0       0x7a f:/atmel/7.0/toolchain/avr8/avr8-gnu-toolchain/bin/../lib/gcc/avr/4.9.2/../../../../avr/lib/avr5\libm.a(floatsisf.o)
                0x000028b0                __floatunsisf
                0x000028b4                __floatsisf
 .text.avr-libc.fplib
                0x0000292a        0xc f:/atmel/7.0/toolchain/avr8/avr8-gnu-toolchain/bin/../lib/gcc/avr/4.9.2/../../../../avr/lib/avr5\libm.a(fp_inf.o)
                0x0000292a                __fp_inf
 .text.avr-libc.fplib
                0x00002936       0x1c f:/atmel/7.0/toolchain/avr8/avr8-gnu-toolchain/bin/../lib/gcc/avr/4.9.2/../../../../avr/lib/avr5\libm.a(fp_mpack.o)
                0x00002936                __fp_mpack
                0x0000293a                __fp_mpack_finite
 .text.avr-libc.fplib
                0x00002952        0x6 f:/atmel/7.0/toolchain/avr8/avr8-gnu-toolchain/bin/../lib/gcc/avr/4.9.2/../../../../avr/lib/avr5\libm.a(fp_nan.o)
                0x00002952                __fp_nan
 .text.avr-libc.fplib
                0x00002958        0xe f:/atmel/7.0/toolchain/avr8/avr8-gnu-toolchain/bin/../lib/gcc/avr/4.9.2/../../../../avr/lib/avr5\libm.a(fp_pscA.o)
                0x00002958                __fp_pscA
 .text.avr-libc.fplib
                0x00002966        0xe f:/atmel/7.0/toolchain/avr8/avr8-gnu-toolchain/bin/../lib/gcc/avr/4.9.2/../../../../avr/lib/avr5\libm.a(fp_pscB.o)
                0x00002966                __fp_pscB
 .text.avr-libc.fplib
                0x00002974       0x22 f:/atmel/7.0/toolchain/avr8/avr8-gnu-toolchain/bin/../lib/gcc/avr/4.9.2/../../../../avr/lib/avr5\libm.a(fp_round.o)
                0x00002974                __fp_round
 .text.avr-libc.fplib
                0x00002996       0x44 f:/atmel/7.0/toolchain/avr8/avr8-gnu-toolchain/bin/../lib/gcc/avr/4.9.2/../../../../avr/lib/avr5\libm.a(fp_split3.o)
                0x00002996                __fp_split3
                0x000029a6                __fp_splitA
 .text.avr-libc.fplib
                0x000029da        0xe f:/atmel/7.0/toolchain/avr8/avr8-gnu-toolchain/bin/../lib/gcc/avr/4.9.2/../../../../avr/lib/avr5\libm.a(fp_zero.o)
                0x000029da                __fp_zero
                0x000029dc                __fp_szero
 .text.avr-libc.fplib
                0x000029e8        0x8 f:/atmel/7.0/toolchain/avr8/avr8-gnu-toolchain/bin/../lib/gcc/avr/4.9.2/../../../../avr/lib/avr5\libm.a(mulsf3.o)
                0x000029e8                __mulsf3
 .text.avr-libc.fplib
                0x000029f0       0xd2 f:/atmel/7.0/toolchain/avr8/avr8-gnu-toolchain/bin/../lib/gcc/avr/4.9.2/../../../../avr/lib/avr5\libm.a(mulsf3x.o)
                0x00002a0e                __mulsf3x
                0x00002a14                __mulsf3_pse
 .text.avr-libc.fplib
                0x00002ac2       0x8c f:/atmel/7.0/toolchain/avr8/avr8-gnu-toolchain/bin/../lib/gcc/avr/4.9.2/../../../../avr/lib/avr5\libm.a(sqrt.o)
                0x00002ace                sqrtf
                0x00002ace                sqrt
 .text.avr-libc.fplib
                0x00002b4e        0xe f:/atmel/7.0/toolchain/avr8/avr8-gnu-toolchain/bin/../lib/gcc/avr/4.9.2/../../../../avr/lib/avr5\libm.a(fp_norm2.o)
                0x00002b4e                __fp_norm2
 .text.avr-libc
                0x00002b5c       0x40 f:/atmel/7.0/toolchain/avr8/avr8-gnu-toolchain/bin/../lib/gcc/avr/4.9.2/../../../../avr/lib/avr5\libc.a(dtostrf.o)
                0x00002b5c                dtostrf
 .text.avr-libc
                0x00002b9c      0x25a f:/atmel/7.0/toolchain/avr8/avr8-gnu-toolchain/bin/../lib/gcc/avr/4.9.2/../../../../avr/lib/avr5\libc.a(malloc.o)
                0x00002b9c                malloc
                0x00002cc6                free
 .text.avr-libc
                0x00002df6      0x222 f:/atmel/7.0/toolchain/avr8/avr8-gnu-toolchain/bin/../lib/gcc/avr/4.9.2/../../../../avr/lib/avr5\libc.a(strtol.o)
                0x00002df6                strtol
 .text.avr-libc
                0x00003018       0x12 f:/atmel/7.0/toolchain/avr8/avr8-gnu-toolchain/bin/../lib/gcc/avr/4.9.2/../../../../avr/lib/avr5\libc.a(isspace.o)
                0x00003018                isspace
 .text.avr-libc
                0x0000302a        0xa f:/atmel/7.0/toolchain/avr8/avr8-gnu-toolchain/bin/../lib/gcc/avr/4.9.2/../../../../avr/lib/avr5\libc.a(strtok.o)
                0x0000302a                strtok
 .text.avr-libc
                0x00003034       0x16 f:/atmel/7.0/toolchain/avr8/avr8-gnu-toolchain/bin/../lib/gcc/avr/4.9.2/../../../../avr/lib/avr5\libc.a(strcat.o)
                0x00003034                strcat
 .text.avr-libc
                0x0000304a       0x4e f:/atmel/7.0/toolchain/avr8/avr8-gnu-toolchain/bin/../lib/gcc/avr/4.9.2/../../../../avr/lib/avr5\libc.a(strtok_r.o)
                0x0000304a                strtok_r
 .text.avr-libc
                0x00003098       0x46 f:/atmel/7.0/toolchain/avr8/avr8-gnu-toolchain/bin/../lib/gcc/avr/4.9.2/../../../../avr/lib/avr5\libc.a(sprintf.o)
                0x00003098                sprintf
 .text.avr-libc
                0x000030de      0x3a4 f:/atmel/7.0/toolchain/avr8/avr8-gnu-toolchain/bin/../lib/gcc/avr/4.9.2/../../../../avr/lib/avr5\libc.a(vfprintf_std.o)
                0x000030de                vfprintf
 .text.avr-libc
                0x00003482      0x31c f:/atmel/7.0/toolchain/avr8/avr8-gnu-toolchain/bin/../lib/gcc/avr/4.9.2/../../../../avr/lib/avr5\libc.a(dtoa_prf.o)
                0x00003482                dtoa_prf
 .text.avr-libc
                0x0000379e      0x1b0 f:/atmel/7.0/toolchain/avr8/avr8-gnu-toolchain/bin/../lib/gcc/avr/4.9.2/../../../../avr/lib/avr5\libc.a(ftoa_engine.o)
                0x0000379e                __ftoa_engine
 .text.avr-libc
                0x0000394e        0x6 f:/atmel/7.0/toolchain/avr8/avr8-gnu-toolchain/bin/../lib/gcc/avr/4.9.2/../../../../avr/lib/avr5\libc.a(cty_isfalse.o)
                0x0000394e                __ctype_isfalse
                0x00003952                __ctype_istrue
 .text.avr-libc
                0x00003954       0x16 f:/atmel/7.0/toolchain/avr8/avr8-gnu-toolchain/bin/../lib/gcc/avr/4.9.2/../../../../avr/lib/avr5\libc.a(strnlen_P.o)
                0x00003954                strnlen_P
 .text.avr-libc
                0x0000396a       0x16 f:/atmel/7.0/toolchain/avr8/avr8-gnu-toolchain/bin/../lib/gcc/avr/4.9.2/../../../../avr/lib/avr5\libc.a(strnlen.o)
                0x0000396a                strnlen
 .text.avr-libc
                0x00003980       0x70 f:/atmel/7.0/toolchain/avr8/avr8-gnu-toolchain/bin/../lib/gcc/avr/4.9.2/../../../../avr/lib/avr5\libc.a(fputc.o)
                0x00003980                fputc
 .text.avr-libc
                0x000039f0       0xbc f:/atmel/7.0/toolchain/avr8/avr8-gnu-toolchain/bin/../lib/gcc/avr/4.9.2/../../../../avr/lib/avr5\libc.a(ultoa_invert.o)
                0x000039f0                __ultoa_invert
 .text.libgcc.mul
                0x00003aac       0x20 f:/atmel/7.0/toolchain/avr8/avr8-gnu-toolchain/bin/../lib/gcc/avr/4.9.2/avr5\libgcc.a(_mulsi3.o)
                0x00003aac                __mulsi3
 .text.libgcc.mul
                0x00003acc       0x16 f:/atmel/7.0/toolchain/avr8/avr8-gnu-toolchain/bin/../lib/gcc/avr/4.9.2/avr5\libgcc.a(_muluhisi3.o)
                0x00003acc                __muluhisi3
 .text.libgcc.prologue
                0x00003ae2       0x38 f:/atmel/7.0/toolchain/avr8/avr8-gnu-toolchain/bin/../lib/gcc/avr/4.9.2/avr5\libgcc.a(_prologue.o)
                0x00003ae2                __prologue_saves__
 .text.libgcc.prologue
                0x00003b1a       0x36 f:/atmel/7.0/toolchain/avr8/avr8-gnu-toolchain/bin/../lib/gcc/avr/4.9.2/avr5\libgcc.a(_epilogue.o)
                0x00003b1a                __epilogue_restores__
 .text.libgcc.mul
                0x00003b50       0x1e f:/atmel/7.0/toolchain/avr8/avr8-gnu-toolchain/bin/../lib/gcc/avr/4.9.2/avr5\libgcc.a(_umulhisi3.o)
                0x00003b50                __umulhisi3
                0x00003b6e                . = ALIGN (0x2)
 *(.fini9)
 .fini9         0x00003b6e        0x0 f:/atmel/7.0/toolchain/avr8/avr8-gnu-toolchain/bin/../lib/gcc/avr/4.9.2/avr5\libgcc.a(_exit.o)
                0x00003b6e                _exit
                0x00003b6e                exit
 *(.fini9)
 *(.fini8)
 *(.fini8)
 *(.fini7)
 *(.fini7)
 *(.fini6)
 .fini6         0x00003b6e       0x16 f:/atmel/7.0/toolchain/avr8/avr8-gnu-toolchain/bin/../lib/gcc/avr/4.9.2/avr5\libgcc.a(_dtors.o)
                0x00003b6e                __do_global_dtors
 *(.fini6)
 *(.fini5)
 *(.fini5)
 *(.fini4)
 *(.fini4)
 *(.fini3)
 *(.fini3)
 *(.fini2)
 *(.fini2)
 *(.fini1)
 *(.fini1)
 *(.fini0)
 .fini0         0x00003b84        0x4 f:/atmel/7.0/toolchain/avr8/avr8-gnu-toolchain/bin/../lib/gcc/avr/4.9.2/avr5\libgcc.a(_exit.o)
 *(.fini0)
                0x00003b88                _etext = .

.data           0x00800100       0xf4 load address 0x00003b88
                0x00800100                PROVIDE (__data_start, .)
 *(.data)
 .data          0x00800100        0x6 f:/atmel/7.0/toolchain/avr8/avr8-gnu-toolchain/bin/../lib/gcc/avr/4.9.2/../../../../avr/lib/avr5\libc.a(malloc.o)
                0x00800100                __malloc_heap_end
                0x00800102                __malloc_heap_start
                0x00800104                __malloc_margin
 *(.data*)
 *(.rodata)
 *(.rodata*)
 .rodata.str1.1
                0x00800106       0x71 GeoCache.o
 .rodata._ZTV14HardwareSerial
                0x00800177       0x10 F:\FULLSA~1\COMPUT~1\RESOUR~1\RESOUR~1\COASOL~1\ARDUIN~1\Release\libArduinoCore.a(HardwareSerial.o)
                0x00800177                _ZTV14HardwareSerial
 .rodata.str1.1
                0x00800187       0x11 F:\FULLSA~1\COMPUT~1\RESOUR~1\RESOUR~1\COASOL~1\ARDUIN~1\Release\libArduinoCore.a(Print.o)
 .rodata.str1.1
                0x00800198       0x3c F:\FULLSA~1\COMPUT~1\RESOUR~1\RESOUR~1\COASOL~1\ONESHE~1\Release\libOneSheeld.a(OneSheeld.o)
 .rodata._ZTV12ShieldParent
                0x008001d4        0x8 F:\FULLSA~1\COMPUT~1\RESOUR~1\RESOUR~1\COASOL~1\ONESHE~1\Release\libOneSheeld.a(ShieldParent.o)
                0x008001d4                _ZTV12ShieldParent
 .rodata._ZTV14TerminalShield
                0x008001dc        0x8 F:\FULLSA~1\COMPUT~1\RESOUR~1\RESOUR~1\COASOL~1\ONESHE~1\Release\libOneSheeld.a(TerminalShield.o)
                0x008001dc                _ZTV14TerminalShield
 .rodata._ZTV14SoftwareSerial
                0x008001e4       0x10 F:\FULLSA~1\COMPUT~1\RESOUR~1\RESOUR~1\COASOL~1\SOFTWA~1\Release\libSoftwareSerial.a(SoftwareSerial.o)
                0x008001e4                _ZTV14SoftwareSerial
 *(.gnu.linkonce.d*)
                0x008001f4                . = ALIGN (0x2)
                0x008001f4                _edata = .
                0x008001f4                PROVIDE (__data_end, .)

.bss            0x008001f4      0x373
                0x008001f4                PROVIDE (__bss_start, .)
 *(.bss)
 .bss           0x008001f4        0x2 f:/atmel/7.0/toolchain/avr8/avr8-gnu-toolchain/bin/../lib/gcc/avr/4.9.2/../../../../avr/lib/avr5\libc.a(strtok.o)
 *(.bss*)
 .bss.Terminal  0x008001f6       0x51 GeoCache.o
                0x008001f6                Terminal
 .bss.gps       0x00800247       0x1f GeoCache.o
                0x00800247                gps
 .bss.cstr      0x00800266       0x80 GeoCache.o
                0x00800266                cstr
 .bss.PrintInfo
                0x008002e6      0x100 GeoCache.o
                0x008002e6                PrintInfo
 .bss.EWInd     0x008003e6        0x2 GeoCache.o
                0x008003e6                EWInd
 .bss.NSInd     0x008003e8        0x2 GeoCache.o
                0x008003e8                NSInd
 .bss.COG       0x008003ea        0x4 GeoCache.o
                0x008003ea                COG
 .bss.DegLong   0x008003ee        0x4 GeoCache.o
                0x008003ee                DegLong
 .bss.DegLat    0x008003f2        0x4 GeoCache.o
                0x008003f2                DegLat
 .bss.Serial    0x008003f6       0x9d F:\FULLSA~1\COMPUT~1\RESOUR~1\RESOUR~1\COASOL~1\ARDUIN~1\Release\libArduinoCore.a(HardwareSerial0.o)
                0x008003f6                Serial
 .bss.timer0_fract
                0x00800493        0x1 F:\FULLSA~1\COMPUT~1\RESOUR~1\RESOUR~1\COASOL~1\ARDUIN~1\Release\libArduinoCore.a(wiring.o)
 .bss.timer0_millis
                0x00800494        0x4 F:\FULLSA~1\COMPUT~1\RESOUR~1\RESOUR~1\COASOL~1\ARDUIN~1\Release\libArduinoCore.a(wiring.o)
                0x00800494                timer0_millis
 .bss.timer0_overflow_count
                0x00800498        0x4 F:\FULLSA~1\COMPUT~1\RESOUR~1\RESOUR~1\COASOL~1\ARDUIN~1\Release\libArduinoCore.a(wiring.o)
                0x00800498                timer0_overflow_count
 .bss.OneSheeld
                0x0080049c       0x20 F:\FULLSA~1\COMPUT~1\RESOUR~1\RESOUR~1\COASOL~1\ONESHE~1\Release\libOneSheeld.a(OneSheeld.o)
                0x0080049c                OneSheeld
 .bss._ZN14OneSheeldClass13requestsArrayE
                0x008004bc        0x2 F:\FULLSA~1\COMPUT~1\RESOUR~1\RESOUR~1\COASOL~1\ONESHE~1\Release\libOneSheeld.a(OneSheeld.o)
                0x008004bc                _ZN14OneSheeldClass13requestsArrayE
 .bss._ZN14OneSheeldClass15requestsCounterE
                0x008004be        0x1 F:\FULLSA~1\COMPUT~1\RESOUR~1\RESOUR~1\COASOL~1\ONESHE~1\Release\libOneSheeld.a(OneSheeld.o)
                0x008004be                _ZN14OneSheeldClass15requestsCounterE
 .bss._ZN14OneSheeldClass12shieldsArrayE
                0x008004bf       0x52 F:\FULLSA~1\COMPUT~1\RESOUR~1\RESOUR~1\COASOL~1\ONESHE~1\Release\libOneSheeld.a(OneSheeld.o)
                0x008004bf                _ZN14OneSheeldClass12shieldsArrayE
 .bss._ZN14OneSheeldClass12isFirstFrameE
                0x00800511        0x1 F:\FULLSA~1\COMPUT~1\RESOUR~1\RESOUR~1\COASOL~1\ONESHE~1\Release\libOneSheeld.a(OneSheeld.o)
                0x00800511                _ZN14OneSheeldClass12isFirstFrameE
 .bss._ZN14OneSheeldClass19callbacksInterruptsE
                0x00800512        0x1 F:\FULLSA~1\COMPUT~1\RESOUR~1\RESOUR~1\COASOL~1\ONESHE~1\Release\libOneSheeld.a(OneSheeld.o)
                0x00800512                _ZN14OneSheeldClass19callbacksInterruptsE
 .bss._ZN14OneSheeldClass11inACallbackE
                0x00800513        0x1 F:\FULLSA~1\COMPUT~1\RESOUR~1\RESOUR~1\COASOL~1\ONESHE~1\Release\libOneSheeld.a(OneSheeld.o)
                0x00800513                _ZN14OneSheeldClass11inACallbackE
 .bss._ZN14OneSheeldClass17lastTimeFrameSentE
                0x00800514        0x4 F:\FULLSA~1\COMPUT~1\RESOUR~1\RESOUR~1\COASOL~1\ONESHE~1\Release\libOneSheeld.a(OneSheeld.o)
                0x00800514                _ZN14OneSheeldClass17lastTimeFrameSentE
 .bss._ZN14OneSheeldClass14shieldsCounterE
                0x00800518        0x1 F:\FULLSA~1\COMPUT~1\RESOUR~1\RESOUR~1\COASOL~1\ONESHE~1\Release\libOneSheeld.a(OneSheeld.o)
                0x00800518                _ZN14OneSheeldClass14shieldsCounterE
 .bss._ZN14OneSheeldClass6isInitE
                0x00800519        0x1 F:\FULLSA~1\COMPUT~1\RESOUR~1\RESOUR~1\COASOL~1\ONESHE~1\Release\libOneSheeld.a(OneSheeld.o)
                0x00800519                _ZN14OneSheeldClass6isInitE
 .bss._ZN12ShieldParent26oneSheeldInstanceAvailableE
                0x0080051a        0x1 F:\FULLSA~1\COMPUT~1\RESOUR~1\RESOUR~1\COASOL~1\ONESHE~1\Release\libOneSheeld.a(ShieldParent.o)
                0x0080051a                _ZN12ShieldParent26oneSheeldInstanceAvailableE
 .bss._ZN12ShieldParent17oneSheeldInstanceE
                0x0080051b        0x2 F:\FULLSA~1\COMPUT~1\RESOUR~1\RESOUR~1\COASOL~1\ONESHE~1\Release\libOneSheeld.a(ShieldParent.o)
                0x0080051b                _ZN12ShieldParent17oneSheeldInstanceE
 .bss._ZN14SoftwareSerial20_receive_buffer_headE
                0x0080051d        0x1 F:\FULLSA~1\COMPUT~1\RESOUR~1\RESOUR~1\COASOL~1\SOFTWA~1\Release\libSoftwareSerial.a(SoftwareSerial.o)
                0x0080051d                _ZN14SoftwareSerial20_receive_buffer_headE
 .bss._ZN14SoftwareSerial20_receive_buffer_tailE
                0x0080051e        0x1 F:\FULLSA~1\COMPUT~1\RESOUR~1\RESOUR~1\COASOL~1\SOFTWA~1\Release\libSoftwareSerial.a(SoftwareSerial.o)
                0x0080051e                _ZN14SoftwareSerial20_receive_buffer_tailE
 .bss._ZN14SoftwareSerial15_receive_bufferE
                0x0080051f       0x40 F:\FULLSA~1\COMPUT~1\RESOUR~1\RESOUR~1\COASOL~1\SOFTWA~1\Release\libSoftwareSerial.a(SoftwareSerial.o)
                0x0080051f                _ZN14SoftwareSerial15_receive_bufferE
 .bss._ZN14SoftwareSerial13active_objectE
                0x0080055f        0x2 F:\FULLSA~1\COMPUT~1\RESOUR~1\RESOUR~1\COASOL~1\SOFTWA~1\Release\libSoftwareSerial.a(SoftwareSerial.o)
                0x0080055f                _ZN14SoftwareSerial13active_objectE
 *(COMMON)
 COMMON         0x00800561        0x4 f:/atmel/7.0/toolchain/avr8/avr8-gnu-toolchain/bin/../lib/gcc/avr/4.9.2/../../../../avr/lib/avr5\libc.a(malloc.o)
                0x00800561                __brkval
                0x00800563                __flp
 COMMON         0x00800565        0x2 f:/atmel/7.0/toolchain/avr8/avr8-gnu-toolchain/bin/../lib/gcc/avr/4.9.2/../../../../avr/lib/avr5\libc.a(errno.o)
                0x00800565                errno
                0x00800567                PROVIDE (__bss_end, .)
                0x00003b88                __data_load_start = LOADADDR (.data)
                0x00003c7c                __data_load_end = (__data_load_start + SIZEOF (.data))

.noinit         0x00800567        0x0
                0x00800567                PROVIDE (__noinit_start, .)
 *(.noinit*)
                0x00800567                PROVIDE (__noinit_end, .)
                0x00800567                _end = .
                0x00800567                PROVIDE (__heap_start, .)

.eeprom         0x00810000        0x0
 *(.eeprom*)
                0x00810000                __eeprom_end = .

.fuse
 *(.fuse)
 *(.lfuse)
 *(.hfuse)
 *(.efuse)

.lock
 *(.lock*)

.signature
 *(.signature*)

.user_signatures
 *(.user_signatures*)

.stab
 *(.stab)

.stabstr
 *(.stabstr)

.stab.excl
 *(.stab.excl)

.stab.exclstr
 *(.stab.exclstr)

.stab.index
 *(.stab.index)

.stab.indexstr
 *(.stab.indexstr)

.comment        0x00000000       0x5c
 *(.comment)
 .comment       0x00000000       0x30 GeoCache.o
                                 0x31 (size before relaxing)
 .comment       0x00000030       0x31 F:\FULLSA~1\COMPUT~1\RESOUR~1\RESOUR~1\COASOL~1\ARDUIN~1\Release\libArduinoCore.a(HardwareSerial.o)
 .comment       0x00000030       0x31 F:\FULLSA~1\COMPUT~1\RESOUR~1\RESOUR~1\COASOL~1\ARDUIN~1\Release\libArduinoCore.a(HardwareSerial0.o)
 .comment       0x00000030       0x31 F:\FULLSA~1\COMPUT~1\RESOUR~1\RESOUR~1\COASOL~1\ARDUIN~1\Release\libArduinoCore.a(Print.o)
 .comment       0x00000030       0x31 F:\FULLSA~1\COMPUT~1\RESOUR~1\RESOUR~1\COASOL~1\ARDUIN~1\Release\libArduinoCore.a(wiring.o)
 .comment       0x00000030       0x31 F:\FULLSA~1\COMPUT~1\RESOUR~1\RESOUR~1\COASOL~1\ONESHE~1\Release\libOneSheeld.a(OneSheeld.o)
 .comment       0x00000030       0x31 F:\FULLSA~1\COMPUT~1\RESOUR~1\RESOUR~1\COASOL~1\ONESHE~1\Release\libOneSheeld.a(OneSheeldPrintln.o)
 .comment       0x00000030       0x31 F:\FULLSA~1\COMPUT~1\RESOUR~1\RESOUR~1\COASOL~1\ONESHE~1\Release\libOneSheeld.a(ShieldParent.o)
 .comment       0x00000030       0x31 F:\FULLSA~1\COMPUT~1\RESOUR~1\RESOUR~1\COASOL~1\ONESHE~1\Release\libOneSheeld.a(TerminalShield.o)
 .comment       0x00000030       0x31 F:\FULLSA~1\COMPUT~1\RESOUR~1\RESOUR~1\COASOL~1\ONESHE~1\Release\libOneSheeld.a(HttpRequest.o)
 .comment       0x00000030       0x31 F:\FULLSA~1\COMPUT~1\RESOUR~1\RESOUR~1\COASOL~1\ONESHE~1\Release\libOneSheeld.a(OneSheeldPrint.o)
 .comment       0x00000030       0x31 F:\FULLSA~1\COMPUT~1\RESOUR~1\RESOUR~1\COASOL~1\SOFTWA~1\Release\libSoftwareSerial.a(SoftwareSerial.o)
 .comment       0x00000030       0x31 F:\FULLSA~1\COMPUT~1\RESOUR~1\RESOUR~1\COASOL~1\ARDUIN~1\Release\libArduinoCore.a(new.o)
 .comment       0x00000030       0x31 F:\FULLSA~1\COMPUT~1\RESOUR~1\RESOUR~1\COASOL~1\ARDUIN~1\Release\libArduinoCore.a(wiring_digital.o)
 .comment       0x00000030       0x31 f:/atmel/7.0/toolchain/avr8/avr8-gnu-toolchain/bin/../lib/gcc/avr/4.9.2/../../../../avr/lib/avr5\libc.a(dtostrf.o)
 .comment       0x00000030       0x31 f:/atmel/7.0/toolchain/avr8/avr8-gnu-toolchain/bin/../lib/gcc/avr/4.9.2/../../../../avr/lib/avr5\libc.a(malloc.o)
 .comment       0x00000030       0x31 f:/atmel/7.0/toolchain/avr8/avr8-gnu-toolchain/bin/../lib/gcc/avr/4.9.2/../../../../avr/lib/avr5\libc.a(strtol.o)
 .comment       0x00000030       0x31 f:/atmel/7.0/toolchain/avr8/avr8-gnu-toolchain/bin/../lib/gcc/avr/4.9.2/../../../../avr/lib/avr5\libc.a(strtok.o)
 .comment       0x00000030       0x31 f:/atmel/7.0/toolchain/avr8/avr8-gnu-toolchain/bin/../lib/gcc/avr/4.9.2/../../../../avr/lib/avr5\libc.a(sprintf.o)
 .comment       0x00000030       0x2c f:/atmel/7.0/toolchain/avr8/avr8-gnu-toolchain/bin/../lib/gcc/avr/4.9.2/../../../../avr/lib/avr5\libc.a(vfprintf_std.o)
                                 0x2d (size before relaxing)
 .comment       0x0000005c       0x2d f:/atmel/7.0/toolchain/avr8/avr8-gnu-toolchain/bin/../lib/gcc/avr/4.9.2/../../../../avr/lib/avr5\libc.a(errno.o)
 .comment       0x0000005c       0x31 f:/atmel/7.0/toolchain/avr8/avr8-gnu-toolchain/bin/../lib/gcc/avr/4.9.2/../../../../avr/lib/avr5\libc.a(dtoa_prf.o)
 .comment       0x0000005c       0x31 f:/atmel/7.0/toolchain/avr8/avr8-gnu-toolchain/bin/../lib/gcc/avr/4.9.2/../../../../avr/lib/avr5\libc.a(fputc.o)

.note.gnu.avr.deviceinfo
                0x00000000       0x40
 .note.gnu.avr.deviceinfo
                0x00000000       0x40 F:/Atmel/7.0/Packs/atmel/ATmega_DFP/1.0.90/gcc/dev/atmega328p/avr5/crtatmega328p.o

.note.gnu.build-id
 *(.note.gnu.build-id)

.debug
 *(.debug)

.line
 *(.line)

.debug_srcinfo
 *(.debug_srcinfo)

.debug_sfnames
 *(.debug_sfnames)

.debug_aranges  0x00000000      0x670
 *(.debug_aranges)
 .debug_aranges
                0x00000000       0x68 F:\FULLSA~1\COMPUT~1\RESOUR~1\RESOUR~1\COASOL~1\ARDUIN~1\Release\libArduinoCore.a(HardwareSerial.o)
 .debug_aranges
                0x00000068       0x38 F:\FULLSA~1\COMPUT~1\RESOUR~1\RESOUR~1\COASOL~1\ARDUIN~1\Release\libArduinoCore.a(HardwareSerial0.o)
 .debug_aranges
                0x000000a0       0xe8 F:\FULLSA~1\COMPUT~1\RESOUR~1\RESOUR~1\COASOL~1\ARDUIN~1\Release\libArduinoCore.a(Print.o)
 .debug_aranges
                0x00000188       0x48 F:\FULLSA~1\COMPUT~1\RESOUR~1\RESOUR~1\COASOL~1\ARDUIN~1\Release\libArduinoCore.a(wiring.o)
 .debug_aranges
                0x000001d0      0x138 F:\FULLSA~1\COMPUT~1\RESOUR~1\RESOUR~1\COASOL~1\ONESHE~1\Release\libOneSheeld.a(OneSheeld.o)
 .debug_aranges
                0x00000308       0x68 F:\FULLSA~1\COMPUT~1\RESOUR~1\RESOUR~1\COASOL~1\ONESHE~1\Release\libOneSheeld.a(OneSheeldPrintln.o)
 .debug_aranges
                0x00000370       0x80 F:\FULLSA~1\COMPUT~1\RESOUR~1\RESOUR~1\COASOL~1\ONESHE~1\Release\libOneSheeld.a(ShieldParent.o)
 .debug_aranges
                0x000003f0       0x48 F:\FULLSA~1\COMPUT~1\RESOUR~1\RESOUR~1\COASOL~1\ONESHE~1\Release\libOneSheeld.a(TerminalShield.o)
 .debug_aranges
                0x00000438       0xb8 F:\FULLSA~1\COMPUT~1\RESOUR~1\RESOUR~1\COASOL~1\ONESHE~1\Release\libOneSheeld.a(HttpRequest.o)
 .debug_aranges
                0x000004f0       0x68 F:\FULLSA~1\COMPUT~1\RESOUR~1\RESOUR~1\COASOL~1\ONESHE~1\Release\libOneSheeld.a(OneSheeldPrint.o)
 .debug_aranges
                0x00000558       0xa8 F:\FULLSA~1\COMPUT~1\RESOUR~1\RESOUR~1\COASOL~1\SOFTWA~1\Release\libSoftwareSerial.a(SoftwareSerial.o)
 .debug_aranges
                0x00000600       0x38 F:\FULLSA~1\COMPUT~1\RESOUR~1\RESOUR~1\COASOL~1\ARDUIN~1\Release\libArduinoCore.a(new.o)
 .debug_aranges
                0x00000638       0x38 F:\FULLSA~1\COMPUT~1\RESOUR~1\RESOUR~1\COASOL~1\ARDUIN~1\Release\libArduinoCore.a(wiring_digital.o)

.debug_pubnames
 *(.debug_pubnames)

.debug_info     0x00000000    0x194b2
 *(.debug_info .gnu.linkonce.wi.*)
 .debug_info    0x00000000     0x1a4d F:\FULLSA~1\COMPUT~1\RESOUR~1\RESOUR~1\COASOL~1\ARDUIN~1\Release\libArduinoCore.a(HardwareSerial.o)
 .debug_info    0x00001a4d     0x1724 F:\FULLSA~1\COMPUT~1\RESOUR~1\RESOUR~1\COASOL~1\ARDUIN~1\Release\libArduinoCore.a(HardwareSerial0.o)
 .debug_info    0x00003171     0x25a5 F:\FULLSA~1\COMPUT~1\RESOUR~1\RESOUR~1\COASOL~1\ARDUIN~1\Release\libArduinoCore.a(Print.o)
 .debug_info    0x00005716      0x2bb F:\FULLSA~1\COMPUT~1\RESOUR~1\RESOUR~1\COASOL~1\ARDUIN~1\Release\libArduinoCore.a(wiring.o)
 .debug_info    0x000059d1     0x3abd F:\FULLSA~1\COMPUT~1\RESOUR~1\RESOUR~1\COASOL~1\ONESHE~1\Release\libOneSheeld.a(OneSheeld.o)
 .debug_info    0x0000948e     0x18aa F:\FULLSA~1\COMPUT~1\RESOUR~1\RESOUR~1\COASOL~1\ONESHE~1\Release\libOneSheeld.a(OneSheeldPrintln.o)
 .debug_info    0x0000ad38     0x2b84 F:\FULLSA~1\COMPUT~1\RESOUR~1\RESOUR~1\COASOL~1\ONESHE~1\Release\libOneSheeld.a(ShieldParent.o)
 .debug_info    0x0000d8bc     0x2e9d F:\FULLSA~1\COMPUT~1\RESOUR~1\RESOUR~1\COASOL~1\ONESHE~1\Release\libOneSheeld.a(TerminalShield.o)
 .debug_info    0x00010759     0x3055 F:\FULLSA~1\COMPUT~1\RESOUR~1\RESOUR~1\COASOL~1\ONESHE~1\Release\libOneSheeld.a(HttpRequest.o)
 .debug_info    0x000137ae     0x2f30 F:\FULLSA~1\COMPUT~1\RESOUR~1\RESOUR~1\COASOL~1\ONESHE~1\Release\libOneSheeld.a(OneSheeldPrint.o)
 .debug_info    0x000166de     0x2676 F:\FULLSA~1\COMPUT~1\RESOUR~1\RESOUR~1\COASOL~1\SOFTWA~1\Release\libSoftwareSerial.a(SoftwareSerial.o)
 .debug_info    0x00018d54      0x188 F:\FULLSA~1\COMPUT~1\RESOUR~1\RESOUR~1\COASOL~1\ARDUIN~1\Release\libArduinoCore.a(new.o)
 .debug_info    0x00018edc      0x5d6 F:\FULLSA~1\COMPUT~1\RESOUR~1\RESOUR~1\COASOL~1\ARDUIN~1\Release\libArduinoCore.a(wiring_digital.o)

.debug_abbrev   0x00000000     0x3070
 *(.debug_abbrev)
 .debug_abbrev  0x00000000      0x370 F:\FULLSA~1\COMPUT~1\RESOUR~1\RESOUR~1\COASOL~1\ARDUIN~1\Release\libArduinoCore.a(HardwareSerial.o)
 .debug_abbrev  0x00000370      0x35d F:\FULLSA~1\COMPUT~1\RESOUR~1\RESOUR~1\COASOL~1\ARDUIN~1\Release\libArduinoCore.a(HardwareSerial0.o)
 .debug_abbrev  0x000006cd      0x3b0 F:\FULLSA~1\COMPUT~1\RESOUR~1\RESOUR~1\COASOL~1\ARDUIN~1\Release\libArduinoCore.a(Print.o)
 .debug_abbrev  0x00000a7d      0x145 F:\FULLSA~1\COMPUT~1\RESOUR~1\RESOUR~1\COASOL~1\ARDUIN~1\Release\libArduinoCore.a(wiring.o)
 .debug_abbrev  0x00000bc2      0x6db F:\FULLSA~1\COMPUT~1\RESOUR~1\RESOUR~1\COASOL~1\ONESHE~1\Release\libOneSheeld.a(OneSheeld.o)
 .debug_abbrev  0x0000129d      0x312 F:\FULLSA~1\COMPUT~1\RESOUR~1\RESOUR~1\COASOL~1\ONESHE~1\Release\libOneSheeld.a(OneSheeldPrintln.o)
 .debug_abbrev  0x000015af      0x49f F:\FULLSA~1\COMPUT~1\RESOUR~1\RESOUR~1\COASOL~1\ONESHE~1\Release\libOneSheeld.a(ShieldParent.o)
 .debug_abbrev  0x00001a4e      0x493 F:\FULLSA~1\COMPUT~1\RESOUR~1\RESOUR~1\COASOL~1\ONESHE~1\Release\libOneSheeld.a(TerminalShield.o)
 .debug_abbrev  0x00001ee1      0x4d8 F:\FULLSA~1\COMPUT~1\RESOUR~1\RESOUR~1\COASOL~1\ONESHE~1\Release\libOneSheeld.a(HttpRequest.o)
 .debug_abbrev  0x000023b9      0x4bf F:\FULLSA~1\COMPUT~1\RESOUR~1\RESOUR~1\COASOL~1\ONESHE~1\Release\libOneSheeld.a(OneSheeldPrint.o)
 .debug_abbrev  0x00002878      0x5d9 F:\FULLSA~1\COMPUT~1\RESOUR~1\RESOUR~1\COASOL~1\SOFTWA~1\Release\libSoftwareSerial.a(SoftwareSerial.o)
 .debug_abbrev  0x00002e51       0xd6 F:\FULLSA~1\COMPUT~1\RESOUR~1\RESOUR~1\COASOL~1\ARDUIN~1\Release\libArduinoCore.a(new.o)
 .debug_abbrev  0x00002f27      0x149 F:\FULLSA~1\COMPUT~1\RESOUR~1\RESOUR~1\COASOL~1\ARDUIN~1\Release\libArduinoCore.a(wiring_digital.o)

.debug_line     0x00000000     0x2440
 *(.debug_line .debug_line.* .debug_line_end)
 .debug_line    0x00000000      0x250 F:\FULLSA~1\COMPUT~1\RESOUR~1\RESOUR~1\COASOL~1\ARDUIN~1\Release\libArduinoCore.a(HardwareSerial.o)
 .debug_line    0x00000250      0x177 F:\FULLSA~1\COMPUT~1\RESOUR~1\RESOUR~1\COASOL~1\ARDUIN~1\Release\libArduinoCore.a(HardwareSerial0.o)
 .debug_line    0x000003c7      0x372 F:\FULLSA~1\COMPUT~1\RESOUR~1\RESOUR~1\COASOL~1\ARDUIN~1\Release\libArduinoCore.a(Print.o)
 .debug_line    0x00000739      0x115 F:\FULLSA~1\COMPUT~1\RESOUR~1\RESOUR~1\COASOL~1\ARDUIN~1\Release\libArduinoCore.a(wiring.o)
 .debug_line    0x0000084e      0x665 F:\FULLSA~1\COMPUT~1\RESOUR~1\RESOUR~1\COASOL~1\ONESHE~1\Release\libOneSheeld.a(OneSheeld.o)
 .debug_line    0x00000eb3      0x25b F:\FULLSA~1\COMPUT~1\RESOUR~1\RESOUR~1\COASOL~1\ONESHE~1\Release\libOneSheeld.a(OneSheeldPrintln.o)
 .debug_line    0x0000110e      0x2a8 F:\FULLSA~1\COMPUT~1\RESOUR~1\RESOUR~1\COASOL~1\ONESHE~1\Release\libOneSheeld.a(ShieldParent.o)
 .debug_line    0x000013b6      0x2ae F:\FULLSA~1\COMPUT~1\RESOUR~1\RESOUR~1\COASOL~1\ONESHE~1\Release\libOneSheeld.a(TerminalShield.o)
 .debug_line    0x00001664      0x496 F:\FULLSA~1\COMPUT~1\RESOUR~1\RESOUR~1\COASOL~1\ONESHE~1\Release\libOneSheeld.a(HttpRequest.o)
 .debug_line    0x00001afa      0x2e6 F:\FULLSA~1\COMPUT~1\RESOUR~1\RESOUR~1\COASOL~1\ONESHE~1\Release\libOneSheeld.a(OneSheeldPrint.o)
 .debug_line    0x00001de0      0x4a9 F:\FULLSA~1\COMPUT~1\RESOUR~1\RESOUR~1\COASOL~1\SOFTWA~1\Release\libSoftwareSerial.a(SoftwareSerial.o)
 .debug_line    0x00002289       0xd8 F:\FULLSA~1\COMPUT~1\RESOUR~1\RESOUR~1\COASOL~1\ARDUIN~1\Release\libArduinoCore.a(new.o)
 .debug_line    0x00002361       0xdf F:\FULLSA~1\COMPUT~1\RESOUR~1\RESOUR~1\COASOL~1\ARDUIN~1\Release\libArduinoCore.a(wiring_digital.o)

.debug_frame    0x00000000     0x1830
 *(.debug_frame)
 .debug_frame   0x00000000      0x104 F:\FULLSA~1\COMPUT~1\RESOUR~1\RESOUR~1\COASOL~1\ARDUIN~1\Release\libArduinoCore.a(HardwareSerial.o)
 .debug_frame   0x00000104       0xcc F:\FULLSA~1\COMPUT~1\RESOUR~1\RESOUR~1\COASOL~1\ARDUIN~1\Release\libArduinoCore.a(HardwareSerial0.o)
 .debug_frame   0x000001d0      0x3a8 F:\FULLSA~1\COMPUT~1\RESOUR~1\RESOUR~1\COASOL~1\ARDUIN~1\Release\libArduinoCore.a(Print.o)
 .debug_frame   0x00000578       0xbc F:\FULLSA~1\COMPUT~1\RESOUR~1\RESOUR~1\COASOL~1\ARDUIN~1\Release\libArduinoCore.a(wiring.o)
 .debug_frame   0x00000634      0x470 F:\FULLSA~1\COMPUT~1\RESOUR~1\RESOUR~1\COASOL~1\ONESHE~1\Release\libOneSheeld.a(OneSheeld.o)
 .debug_frame   0x00000aa4      0x214 F:\FULLSA~1\COMPUT~1\RESOUR~1\RESOUR~1\COASOL~1\ONESHE~1\Release\libOneSheeld.a(OneSheeldPrintln.o)
 .debug_frame   0x00000cb8      0x150 F:\FULLSA~1\COMPUT~1\RESOUR~1\RESOUR~1\COASOL~1\ONESHE~1\Release\libOneSheeld.a(ShieldParent.o)
 .debug_frame   0x00000e08       0xf0 F:\FULLSA~1\COMPUT~1\RESOUR~1\RESOUR~1\COASOL~1\ONESHE~1\Release\libOneSheeld.a(TerminalShield.o)
 .debug_frame   0x00000ef8      0x444 F:\FULLSA~1\COMPUT~1\RESOUR~1\RESOUR~1\COASOL~1\ONESHE~1\Release\libOneSheeld.a(HttpRequest.o)
 .debug_frame   0x0000133c      0x23c F:\FULLSA~1\COMPUT~1\RESOUR~1\RESOUR~1\COASOL~1\ONESHE~1\Release\libOneSheeld.a(OneSheeldPrint.o)
 .debug_frame   0x00001578      0x1e8 F:\FULLSA~1\COMPUT~1\RESOUR~1\RESOUR~1\COASOL~1\SOFTWA~1\Release\libSoftwareSerial.a(SoftwareSerial.o)
 .debug_frame   0x00001760       0x54 F:\FULLSA~1\COMPUT~1\RESOUR~1\RESOUR~1\COASOL~1\ARDUIN~1\Release\libArduinoCore.a(new.o)
 .debug_frame   0x000017b4       0x7c F:\FULLSA~1\COMPUT~1\RESOUR~1\RESOUR~1\COASOL~1\ARDUIN~1\Release\libArduinoCore.a(wiring_digital.o)

.debug_str      0x00000000     0x3d38
 *(.debug_str)
 .debug_str     0x00000000     0x113c F:\FULLSA~1\COMPUT~1\RESOUR~1\RESOUR~1\COASOL~1\ARDUIN~1\Release\libArduinoCore.a(HardwareSerial.o)
                               0x11db (size before relaxing)
 .debug_str     0x0000113c       0x84 F:\FULLSA~1\COMPUT~1\RESOUR~1\RESOUR~1\COASOL~1\ARDUIN~1\Release\libArduinoCore.a(HardwareSerial0.o)
                                0xfd5 (size before relaxing)
 .debug_str     0x000011c0      0x3ad F:\FULLSA~1\COMPUT~1\RESOUR~1\RESOUR~1\COASOL~1\ARDUIN~1\Release\libArduinoCore.a(Print.o)
                                0xe7b (size before relaxing)
 .debug_str     0x0000156d      0x121 F:\FULLSA~1\COMPUT~1\RESOUR~1\RESOUR~1\COASOL~1\ARDUIN~1\Release\libArduinoCore.a(wiring.o)
                                0x22d (size before relaxing)
 .debug_str     0x0000168e     0x1760 F:\FULLSA~1\COMPUT~1\RESOUR~1\RESOUR~1\COASOL~1\ONESHE~1\Release\libOneSheeld.a(OneSheeld.o)
                               0x26d9 (size before relaxing)
 .debug_str     0x00002dee      0x2dc F:\FULLSA~1\COMPUT~1\RESOUR~1\RESOUR~1\COASOL~1\ONESHE~1\Release\libOneSheeld.a(OneSheeldPrintln.o)
                                0xd90 (size before relaxing)
 .debug_str     0x000030ca      0x25d F:\FULLSA~1\COMPUT~1\RESOUR~1\RESOUR~1\COASOL~1\ONESHE~1\Release\libOneSheeld.a(ShieldParent.o)
                               0x25be (size before relaxing)
 .debug_str     0x00003327      0x19f F:\FULLSA~1\COMPUT~1\RESOUR~1\RESOUR~1\COASOL~1\ONESHE~1\Release\libOneSheeld.a(TerminalShield.o)
                               0x26c1 (size before relaxing)
 .debug_str     0x000034c6      0x13d F:\FULLSA~1\COMPUT~1\RESOUR~1\RESOUR~1\COASOL~1\ONESHE~1\Release\libOneSheeld.a(HttpRequest.o)
                               0x23eb (size before relaxing)
 .debug_str     0x00003603       0x2e F:\FULLSA~1\COMPUT~1\RESOUR~1\RESOUR~1\COASOL~1\ONESHE~1\Release\libOneSheeld.a(OneSheeldPrint.o)
                               0x244b (size before relaxing)
 .debug_str     0x00003631      0x668 F:\FULLSA~1\COMPUT~1\RESOUR~1\RESOUR~1\COASOL~1\SOFTWA~1\Release\libSoftwareSerial.a(SoftwareSerial.o)
                               0x14de (size before relaxing)
 .debug_str     0x00003c99       0x3d F:\FULLSA~1\COMPUT~1\RESOUR~1\RESOUR~1\COASOL~1\ARDUIN~1\Release\libArduinoCore.a(new.o)
                                0x1de (size before relaxing)
 .debug_str     0x00003cd6       0x62 F:\FULLSA~1\COMPUT~1\RESOUR~1\RESOUR~1\COASOL~1\ARDUIN~1\Release\libArduinoCore.a(wiring_digital.o)
                                0x29b (size before relaxing)

.debug_loc      0x00000000     0x7d1f
 *(.debug_loc)
 .debug_loc     0x00000000      0x447 F:\FULLSA~1\COMPUT~1\RESOUR~1\RESOUR~1\COASOL~1\ARDUIN~1\Release\libArduinoCore.a(HardwareSerial.o)
 .debug_loc     0x00000447      0x17b F:\FULLSA~1\COMPUT~1\RESOUR~1\RESOUR~1\COASOL~1\ARDUIN~1\Release\libArduinoCore.a(HardwareSerial0.o)
 .debug_loc     0x000005c2     0x1ddf F:\FULLSA~1\COMPUT~1\RESOUR~1\RESOUR~1\COASOL~1\ARDUIN~1\Release\libArduinoCore.a(Print.o)
 .debug_loc     0x000023a1      0x22a F:\FULLSA~1\COMPUT~1\RESOUR~1\RESOUR~1\COASOL~1\ARDUIN~1\Release\libArduinoCore.a(wiring.o)
 .debug_loc     0x000025cb     0x1287 F:\FULLSA~1\COMPUT~1\RESOUR~1\RESOUR~1\COASOL~1\ONESHE~1\Release\libOneSheeld.a(OneSheeld.o)
 .debug_loc     0x00003852      0x9ce F:\FULLSA~1\COMPUT~1\RESOUR~1\RESOUR~1\COASOL~1\ONESHE~1\Release\libOneSheeld.a(OneSheeldPrintln.o)
 .debug_loc     0x00004220      0x463 F:\FULLSA~1\COMPUT~1\RESOUR~1\RESOUR~1\COASOL~1\ONESHE~1\Release\libOneSheeld.a(ShieldParent.o)
 .debug_loc     0x00004683      0x537 F:\FULLSA~1\COMPUT~1\RESOUR~1\RESOUR~1\COASOL~1\ONESHE~1\Release\libOneSheeld.a(TerminalShield.o)
 .debug_loc     0x00004bba      0xf0f F:\FULLSA~1\COMPUT~1\RESOUR~1\RESOUR~1\COASOL~1\ONESHE~1\Release\libOneSheeld.a(HttpRequest.o)
 .debug_loc     0x00005ac9      0xba0 F:\FULLSA~1\COMPUT~1\RESOUR~1\RESOUR~1\COASOL~1\ONESHE~1\Release\libOneSheeld.a(OneSheeldPrint.o)
 .debug_loc     0x00006669     0x105a F:\FULLSA~1\COMPUT~1\RESOUR~1\RESOUR~1\COASOL~1\SOFTWA~1\Release\libSoftwareSerial.a(SoftwareSerial.o)
 .debug_loc     0x000076c3       0x98 F:\FULLSA~1\COMPUT~1\RESOUR~1\RESOUR~1\COASOL~1\ARDUIN~1\Release\libArduinoCore.a(new.o)
 .debug_loc     0x0000775b      0x5c4 F:\FULLSA~1\COMPUT~1\RESOUR~1\RESOUR~1\COASOL~1\ARDUIN~1\Release\libArduinoCore.a(wiring_digital.o)

.debug_macinfo
 *(.debug_macinfo)

.debug_weaknames
 *(.debug_weaknames)

.debug_funcnames
 *(.debug_funcnames)

.debug_typenames
 *(.debug_typenames)

.debug_varnames
 *(.debug_varnames)

.debug_pubtypes
 *(.debug_pubtypes)

.debug_ranges   0x00000000      0x7c8
 *(.debug_ranges)
 .debug_ranges  0x00000000       0x58 F:\FULLSA~1\COMPUT~1\RESOUR~1\RESOUR~1\COASOL~1\ARDUIN~1\Release\libArduinoCore.a(HardwareSerial.o)
 .debug_ranges  0x00000058       0x28 F:\FULLSA~1\COMPUT~1\RESOUR~1\RESOUR~1\COASOL~1\ARDUIN~1\Release\libArduinoCore.a(HardwareSerial0.o)
 .debug_ranges  0x00000080       0xf0 F:\FULLSA~1\COMPUT~1\RESOUR~1\RESOUR~1\COASOL~1\ARDUIN~1\Release\libArduinoCore.a(Print.o)
 .debug_ranges  0x00000170       0x38 F:\FULLSA~1\COMPUT~1\RESOUR~1\RESOUR~1\COASOL~1\ARDUIN~1\Release\libArduinoCore.a(wiring.o)
 .debug_ranges  0x000001a8      0x170 F:\FULLSA~1\COMPUT~1\RESOUR~1\RESOUR~1\COASOL~1\ONESHE~1\Release\libOneSheeld.a(OneSheeld.o)
 .debug_ranges  0x00000318       0x58 F:\FULLSA~1\COMPUT~1\RESOUR~1\RESOUR~1\COASOL~1\ONESHE~1\Release\libOneSheeld.a(OneSheeldPrintln.o)
 .debug_ranges  0x00000370       0x70 F:\FULLSA~1\COMPUT~1\RESOUR~1\RESOUR~1\COASOL~1\ONESHE~1\Release\libOneSheeld.a(ShieldParent.o)
 .debug_ranges  0x000003e0       0x50 F:\FULLSA~1\COMPUT~1\RESOUR~1\RESOUR~1\COASOL~1\ONESHE~1\Release\libOneSheeld.a(TerminalShield.o)
 .debug_ranges  0x00000430      0x1b0 F:\FULLSA~1\COMPUT~1\RESOUR~1\RESOUR~1\COASOL~1\ONESHE~1\Release\libOneSheeld.a(HttpRequest.o)
 .debug_ranges  0x000005e0       0x58 F:\FULLSA~1\COMPUT~1\RESOUR~1\RESOUR~1\COASOL~1\ONESHE~1\Release\libOneSheeld.a(OneSheeldPrint.o)
 .debug_ranges  0x00000638      0x140 F:\FULLSA~1\COMPUT~1\RESOUR~1\RESOUR~1\COASOL~1\SOFTWA~1\Release\libSoftwareSerial.a(SoftwareSerial.o)
 .debug_ranges  0x00000778       0x28 F:\FULLSA~1\COMPUT~1\RESOUR~1\RESOUR~1\COASOL~1\ARDUIN~1\Release\libArduinoCore.a(new.o)
 .debug_ranges  0x000007a0       0x28 F:\FULLSA~1\COMPUT~1\RESOUR~1\RESOUR~1\COASOL~1\ARDUIN~1\Release\libArduinoCore.a(wiring_digital.o)

.debug_macro
 *(.debug_macro)
OUTPUT(GeoHunt.elf elf32-avr)
LOAD linker stubs
